F
======================================================================
FAIL: test_complete_portal_workflow (test_portal.PortalTestCase.test_complete_portal_workflow)
----------------------------------------------------------------------
Traceback (most recent call last):
  File "C:\Users\Lenovo\.gemini\antigravity\scratch\sanddy-website\oem_portal\test_portal.py", line 44, in test_complete_portal_workflow
    self.assertIn(b"Registration request submitted", reg_response.data)
    ~~~~~~~~~~~~~^^^^^^^^^^^^^^^^^^^^^^^^^^^^^^^^^^^^^^^^^^^^^^^^^^^^^^
AssertionError: b'Registration request submitted' not found in b'<!DOCTYPE html>\n<html lang="en">\n<head>\n    <meta charset="UTF-8">\n    <meta name="viewport" content="width=device-width, initial-scale=1.0">\n    <title>Login - OEM Directory</title>\n    <link rel="stylesheet" href="/static/css/style.css?v=1.3">\n    <link rel="icon" type="image/x-icon" href="/static/favicon.ico">\n    <style>\n        .tabs-header {\n            display: flex;\n            margin-bottom: 2rem;\n            border-bottom: 1px solid var(--border-glass);\n        }\n        .tab-btn {\n            flex: 1;\n            padding: 0.75rem;\n            background: none;\n            border: none;\n            color: var(--text-secondary);\n            font-family: var(--font-heading);\n            font-weight: 600;\n            font-size: 1rem;\n            cursor: pointer;\n            text-align: center;\n            transition: var(--transition);\n        }\n        .tab-btn.active {\n            color: white;\n            border-bottom: 2px solid var(--primary);\n        }\n        .form-section {\n            display: none;\n        }\n        .form-section.active {\n            display: block;\n        }\n    </style>\n</head>\n<body class="theme-slate-dark">\n    <div class="auth-container">\n        <div class="auth-card">\n            <div class="auth-header" style="margin-bottom: 2rem;">\n                <div style="font-family: \'Outfit\', sans-serif; font-weight: 800; font-size: 1.8rem; color: white; letter-spacing: -0.03em; margin-bottom: 0.5rem; display: inline-flex; align-items: center; gap: 0.75rem;">\n                    \n                        <span>\xf0\x9f\x93\x82</span> OEM Directory\n                    \n                </div>\n                <p class="auth-subtitle">Pre-Sales Relationship & Portfolio Database</p>\n            </div>\n\n            <!-- Flash messages -->\n            \n                \n                    \n                        <div class="alert-message alert-error">\n                            \xe2\x9a\xa0\xef\xb8\x8f\n                            <span>Password must contain at least one uppercase letter.</span>\n                        </div>\n                    \n                \n            \n            \n            <div class="auth-tabs">\n                <button class="tab-btn active" onclick="switchTab(\'login\')">Log In</button>\n                <button class="tab-btn" onclick="switchTab(\'register\')">Register Request</button>\n            </div>\n\n            <!-- Login Form Section -->\n            <div id="login-section" class="form-section active">\n                <form action="/login" method="POST">\n                    <div class="form-group">\n                        <label class="form-label" for="username">Username</label>\n                        <input type="text" id="username" name="username" class="form-control" placeholder="Enter username" required>\n                    </div>\n                    <div class="form-group" style="margin-bottom: 1rem;">\n                        <label class="form-label" for="password">Password*</label>\n                        <input type="password" id="password" name="password" class="form-control" placeholder="Enter password" required>\n                    </div>\n                    \n                    \n                        <div style="text-align: right; margin-top: -0.5rem; margin-bottom: 1rem;">\n                            <a href="javascript:void(0)" onclick="openForgotPasswordModal()" style="font-size: 0.8rem; color: var(--primary); text-decoration: none; font-weight: 500;">\n                                Forgot Password?\n                            </a>\n                        </div>\n                    \n                    \n                    <button type="submit" class="btn btn-primary" style="width: 100%; margin-top: 0.5rem;">\n                        Log In\n                    </button>\n                </form>\n            </div>\n\n            <!-- Registration Request Form Section -->\n            <div id="register-section" class="form-section">\n                <form action="/register" method="POST">\n                    <div class="form-group">\n                        <label class="form-label" for="reg-username">Username*</label>\n                        <input type="text" id="reg-username" name="username" class="form-control" placeholder="Choose a username" required>\n                    </div>\n                    <div class="form-group">\n                        <label class="form-label" for="reg-email">Email Address*</label>\n                        <input type="email" id="reg-email" name="email" class="form-control" placeholder="you@company.com" required>\n                    </div>\n                    <div class="form-group">\n                        <label class="form-label" for="reg-password">Password*</label>\n                        <input type="password" id="reg-password" name="password" class="form-control" placeholder="Create a password" required>\n                    </div>\n\n                    \n                    <button type="submit" class="btn btn-primary" style="width: 100%; margin-top: 1rem;">\n                        Request Registration\n                    </button>\n                </form>\n                <div class="auth-footer" style="margin-top: 1rem; font-size: 0.8rem; color: var(--text-muted);">\n                    * Newly registered users require administrator activation before they can log in.\n                </div>\n            </div>\n            \n        </div>\n    </div>\n\n    <script>\n        function switchTab(tab) {\n            const tabs = document.querySelectorAll(\'.tab-btn\');\n            const sections = document.querySelectorAll(\'.form-section\');\n            \n            tabs.forEach(t => t.classList.remove(\'active\'));\n            sections.forEach(s => s.classList.remove(\'active\'));\n            \n            if (tab === \'login\') {\n                tabs[0].classList.add(\'active\');\n                document.getElementById(\'login-section\').classContent = \'\'; // clear error logs\n                document.getElementById(\'login-section\').classList.add(\'active\');\n            } else {\n                tabs[1].classList.add(\'active\');\n                document.getElementById(\'register-section\').classList.add(\'active\');\n            }\n        }\n        \n        function openForgotPasswordModal() {\n            document.getElementById(\'forgot-password-modal\').style.display = \'flex\';\n            document.body.style.overflow = \'hidden\';\n        }\n        function closeForgotPasswordModal() {\n            document.getElementById(\'forgot-password-modal\').style.display = \'none\';\n            document.body.style.overflow = \'auto\';\n        }\n    </script>\n    \n    <!-- Forgot Password Modal -->\n    <div id="forgot-password-modal" class="modal-backdrop" style="position: fixed; top: 0; left: 0; width: 100vw; height: 100vh; background: rgba(11, 15, 25, 0.85); backdrop-filter: blur(8px); display: none; align-items: center; justify-content: center; z-index: 1000;">\n        <div class="modal-content" style="background: rgba(15, 23, 42, 0.95); border: 1px solid var(--border-glass); border-radius: 20px; width: 100%; max-width: 400px; padding: 2rem; box-shadow: 0 20px 40px rgba(0,0,0,0.5); position: relative;">\n            <button onclick="closeForgotPasswordModal()" style="position: absolute; top: 1rem; right: 1rem; background: none; border: none; color: var(--text-secondary); font-size: 1.5rem; cursor: pointer; line-height: 1;">&times;</button>\n            <h2 class="card-title" style="font-size: 1.35rem; margin-bottom: 0.5rem; color: var(--text-primary);">\xf0\x9f\x94\x91 Reset Password Request</h2>\n            <p style="font-size: 0.8rem; color: var(--text-secondary); margin-bottom: 1.5rem;">Enter your registered account email. If the email is configured, we will send password recovery instructions.</p>\n            \n            <form action="/forgot-password" method="POST">\n                <div class="form-group" style="margin-bottom: 1.25rem;">\n                    <label class="form-label" for="reset-email">Email Address*</label>\n                    <input type="email" id="reset-email" name="email" class="form-control" placeholder="username@company.com" required style="color: var(--text-primary);">\n                </div>\n                <button type="submit" class="btn btn-primary" style="width: 100%;">Send Reset Verification</button>\n            </form>\n        </div>\n    </div>\n</body>\n</html>'

----------------------------------------------------------------------
Ran 1 test in 0.144s

FAILED (failures=1)
